// Jest Snapshot v1, https://goo.gl/fbAQLP

exports[`TableListView renders just fine... 1`] = `
<TableListView
  colOrder={
    Array [
      "name",
      "value",
    ]
  }
  headers={
    Array [
      "Name",
      "Rows",
    ]
  }
  onClick={[Function]}
  rowLabel="View the table"
  title="Tables with the Most Rows"
  values={
    Array [
      Object {
        "explorer": true,
        "link": "miqTreeActivateNode('vmdb_tree', 'tb-10000000000181');",
        "name": "vim_performance_states",
        "title": "vim_performance_states",
        "value": Array [
          "676",
          "150",
        ],
      },
      Object {
        "explorer": true,
        "link": "miqTreeActivateNode('vmdb_tree', 'tb-10000000000197');",
        "name": "miq_report_result_details",
        "title": "miq_report_result_details",
        "value": Array [
          "280",
          "848",
        ],
      },
    ]
  }
>
  <MiqStructuredList
    headers={
      Array [
        undefined,
        undefined,
      ]
    }
    mode="table_list_view"
    onClick={[Function]}
    rows={
      Array [
        Array [
          undefined,
          undefined,
        ],
        Array [
          undefined,
          undefined,
        ],
      ]
    }
    title="Tables with the Most Rows"
  >
    <Accordion
      align="start"
      className="miq-structured-list-accordion table_list_view"
    >
      <ul
        className="bx--accordion miq-structured-list-accordion table_list_view bx--accordion--start bx--accordion--md"
      >
        <AccordionItem
          open={true}
          title="Tables with the Most Rows"
        >
          <li
            className="bx--accordion__item bx--accordion__item--active"
            onAnimationEnd={[Function]}
          >
            <defaultRenderToggle
              aria-controls="accordion-item-1"
              aria-expanded={true}
              className="bx--accordion__heading"
              onClick={[Function]}
              onKeyDown={[Function]}
              type="button"
            >
              <button
                aria-controls="accordion-item-1"
                aria-expanded={true}
                className="bx--accordion__heading"
                onClick={[Function]}
                onKeyDown={[Function]}
                type="button"
              >
                <ForwardRef(ChevronRight16)
                  className="bx--accordion__arrow"
                >
                  <Icon
                    className="bx--accordion__arrow"
                    fill="currentColor"
                    height={16}
                    preserveAspectRatio="xMidYMid meet"
                    viewBox="0 0 16 16"
                    width={16}
                    xmlns="http://www.w3.org/2000/svg"
                  >
                    <svg
                      aria-hidden={true}
                      className="bx--accordion__arrow"
                      fill="currentColor"
                      focusable="false"
                      height={16}
                      preserveAspectRatio="xMidYMid meet"
                      viewBox="0 0 16 16"
                      width={16}
                      xmlns="http://www.w3.org/2000/svg"
                    >
                      <path
                        d="M11 8L6 13 5.3 12.3 9.6 8 5.3 3.7 6 3z"
                      />
                    </svg>
                  </Icon>
                </ForwardRef(ChevronRight16)>
                <Text
                  as="div"
                  className="bx--accordion__title"
                >
                  <div
                    className="bx--accordion__title"
                    dir="auto"
                  >
                    Tables with the Most Rows
                  </div>
                </Text>
              </button>
            </defaultRenderToggle>
            <div
              className="bx--accordion__content"
              id="accordion-item-1"
            >
              <FeatureToggle(StructuredListWrapper)
                ariaLabel="Structured list"
                className="miq-structured-list bordered-list table_list_view"
              >
                <StructuredListWrapper
                  ariaLabel="Structured list"
                  className="miq-structured-list bordered-list table_list_view"
                  isCondensed={false}
                  isFlush={false}
                  selection={false}
                >
                  <div
                    aria-label="Structured list"
                    className="bx--structured-list miq-structured-list bordered-list table_list_view"
                    role="table"
                  >
                    <MiqStructuredListHeader
                      headers={
                        Array [
                          undefined,
                          undefined,
                        ]
                      }
                    >
                      <FeatureToggle(StructuredListHead)>
                        <StructuredListHead>
                          <div
                            className="bx--structured-list-thead"
                            role="rowgroup"
                          >
                            <FeatureToggle(StructuredListRow)
                              head={true}
                              tabIndex={0}
                            >
                              <StructuredListRow
                                head={true}
                                label={false}
                                onKeyDown={[Function]}
                                tabIndex={0}
                              >
                                <div
                                  className="bx--structured-list-row bx--structured-list-row--header-row"
                                  role="row"
                                >
                                  <FeatureToggle(StructuredListCell)
                                    className="list_header"
                                    head={true}
                                    key="0"
                                  >
                                    <StructuredListCell
                                      className="list_header"
                                      head={true}
                                      noWrap={false}
                                    >
                                      <div
                                        className="list_header bx--structured-list-th"
                                        role="columnheader"
                                      />
                                    </StructuredListCell>
                                  </FeatureToggle(StructuredListCell)>
                                  <FeatureToggle(StructuredListCell)
                                    className="list_header"
                                    head={true}
                                    key="1"
                                  >
                                    <StructuredListCell
                                      className="list_header"
                                      head={true}
                                      noWrap={false}
                                    >
                                      <div
                                        className="list_header bx--structured-list-th"
                                        role="columnheader"
                                      />
                                    </StructuredListCell>
                                  </FeatureToggle(StructuredListCell)>
                                </div>
                              </StructuredListRow>
                            </FeatureToggle(StructuredListRow)>
                          </div>
                        </StructuredListHead>
                      </FeatureToggle(StructuredListHead)>
                    </MiqStructuredListHeader>
                    <FeatureToggle(StructuredListBody)>
                      <StructuredListBody
                        onKeyDown={[Function]}
                      >
                        <div
                          className="bx--structured-list-tbody"
                          onKeyDown={[Function]}
                          role="rowgroup"
                        >
                          <FeatureToggle(StructuredListRow)
                            className=""
                            key="0"
                            onClick={[Function]}
                            tabIndex={0}
                            title=""
                          >
                            <StructuredListRow
                              className=""
                              head={false}
                              label={false}
                              onClick={[Function]}
                              onKeyDown={[Function]}
                              tabIndex={0}
                              title=""
                            >
                              <div
                                className="bx--structured-list-row"
                                onClick={[Function]}
                                role="row"
                                title=""
                              >
                                <FeatureToggle(StructuredListCell)
                                  className="content_value array_item"
                                  key="0"
                                  onClick={[Function]}
                                  title=""
                                >
                                  <StructuredListCell
                                    className="content_value array_item"
                                    head={false}
                                    noWrap={false}
                                    onClick={[Function]}
                                    title=""
                                  >
                                    <div
                                      className="content_value array_item bx--structured-list-td"
                                      onClick={[Function]}
                                      role="cell"
                                      title=""
                                    >
                                      <div
                                        className="wrap_text"
                                      />
                                    </div>
                                  </StructuredListCell>
                                </FeatureToggle(StructuredListCell)>
                                <FeatureToggle(StructuredListCell)
                                  className="content_value array_item"
                                  key="1"
                                  onClick={[Function]}
                                  title=""
                                >
                                  <StructuredListCell
                                    className="content_value array_item"
                                    head={false}
                                    noWrap={false}
                                    onClick={[Function]}
                                    title=""
                                  >
                                    <div
                                      className="content_value array_item bx--structured-list-td"
                                      onClick={[Function]}
                                      role="cell"
                                      title=""
                                    >
                                      <div
                                        className="wrap_text"
                                      />
                                    </div>
                                  </StructuredListCell>
                                </FeatureToggle(StructuredListCell)>
                              </div>
                            </StructuredListRow>
                          </FeatureToggle(StructuredListRow)>
                          <FeatureToggle(StructuredListRow)
                            className=""
                            key="1"
                            onClick={[Function]}
                            tabIndex={1}
                            title=""
                          >
                            <StructuredListRow
                              className=""
                              head={false}
                              label={false}
                              onClick={[Function]}
                              onKeyDown={[Function]}
                              tabIndex={1}
                              title=""
                            >
                              <div
                                className="bx--structured-list-row"
                                onClick={[Function]}
                                role="row"
                                title=""
                              >
                                <FeatureToggle(StructuredListCell)
                                  className="content_value array_item"
                                  key="0"
                                  onClick={[Function]}
                                  title=""
                                >
                                  <StructuredListCell
                                    className="content_value array_item"
                                    head={false}
                                    noWrap={false}
                                    onClick={[Function]}
                                    title=""
                                  >
                                    <div
                                      className="content_value array_item bx--structured-list-td"
                                      onClick={[Function]}
                                      role="cell"
                                      title=""
                                    >
                                      <div
                                        className="wrap_text"
                                      />
                                    </div>
                                  </StructuredListCell>
                                </FeatureToggle(StructuredListCell)>
                                <FeatureToggle(StructuredListCell)
                                  className="content_value array_item"
                                  key="1"
                                  onClick={[Function]}
                                  title=""
                                >
                                  <StructuredListCell
                                    className="content_value array_item"
                                    head={false}
                                    noWrap={false}
                                    onClick={[Function]}
                                    title=""
                                  >
                                    <div
                                      className="content_value array_item bx--structured-list-td"
                                      onClick={[Function]}
                                      role="cell"
                                      title=""
                                    >
                                      <div
                                        className="wrap_text"
                                      />
                                    </div>
                                  </StructuredListCell>
                                </FeatureToggle(StructuredListCell)>
                              </div>
                            </StructuredListRow>
                          </FeatureToggle(StructuredListRow)>
                        </div>
                      </StructuredListBody>
                    </FeatureToggle(StructuredListBody)>
                  </div>
                </StructuredListWrapper>
              </FeatureToggle(StructuredListWrapper)>
            </div>
          </li>
        </AccordionItem>
      </ul>
    </Accordion>
  </MiqStructuredList>
</TableListView>
`;
