// Jest Snapshot v1, https://jestjs.io/docs/snapshot-testing

exports[`VmDisks Component should render a table when disks are provided 1`] = `
<div>
  <div
    id="vm_disks_div"
  >
    <div
      class="miq-data-table vm-disks-table"
    >
      <div
        class="cds--data-table-content"
      >
        <table
          class="cds--data-table cds--data-table--sm cds--data-table--visible-overflow-menu"
        >
          <thead>
            <tr>
              <th
                class="miq-data-table-header"
                scope="col"
              >
                <div
                  class="cds--table-header-label"
                >
                  Device Type
                  <div
                    class="cds--table-header-label--decorator-inner"
                  />
                </div>
              </th>
              <th
                class="miq-data-table-header"
                scope="col"
              >
                <div
                  class="cds--table-header-label"
                >
                  Type
                  <div
                    class="cds--table-header-label--decorator-inner"
                  />
                </div>
              </th>
              <th
                class="miq-data-table-header"
                scope="col"
              >
                <div
                  class="cds--table-header-label"
                >
                  Mode
                  <div
                    class="cds--table-header-label--decorator-inner"
                  />
                </div>
              </th>
              <th
                class="miq-data-table-header"
                scope="col"
              >
                <div
                  class="cds--table-header-label"
                >
                  Partitions Aligned
                  <div
                    class="cds--table-header-label--decorator-inner"
                  />
                </div>
              </th>
              <th
                class="miq-data-table-header"
                scope="col"
              >
                <div
                  class="cds--table-header-label"
                >
                  Provisioned Size
                  <div
                    class="cds--table-header-label--decorator-inner"
                  />
                </div>
              </th>
              <th
                class="miq-data-table-header"
                scope="col"
              >
                <div
                  class="cds--table-header-label"
                >
                  Used Size
                  <div
                    class="cds--table-header-label--decorator-inner"
                  />
                </div>
              </th>
              <th
                class="miq-data-table-header"
                scope="col"
              >
                <div
                  class="cds--table-header-label"
                >
                  Percent Used of Provisioned Size
                  <div
                    class="cds--table-header-label--decorator-inner"
                  />
                </div>
              </th>
            </tr>
          </thead>
          <tbody
            aria-live="polite"
          >
            <tr
              class="simple-row"
              tabindex=""
              title=""
            >
              <td>
                <div
                  class="cell"
                >
                  <span
                    class="cds--front-line"
                    title="Hard Disk (SCSI 0:0)"
                  >
                    Hard Disk (SCSI 0:0)
                  </span>
                </div>
              </td>
              <td>
                <div
                  class="cell"
                >
                  <span
                    class="cds--front-line"
                    title="thin"
                  >
                    thin
                  </span>
                </div>
              </td>
              <td>
                <div
                  class="cell"
                >
                  <span
                    class="cds--front-line"
                    title="persistent"
                  >
                    persistent
                  </span>
                </div>
              </td>
              <td>
                <div
                  class="cell"
                >
                  <span
                    class="cds--front-line"
                    title="True"
                  >
                    True
                  </span>
                </div>
              </td>
              <td>
                <div
                  class="cell"
                >
                  <span
                    class="cds--front-line"
                    title="50 GB"
                  >
                    50 GB
                  </span>
                </div>
              </td>
              <td>
                <div
                  class="cell"
                >
                  <span
                    class="cds--front-line"
                    title="10 GB"
                  >
                    10 GB
                  </span>
                </div>
              </td>
              <td>
                <div
                  class="cell"
                >
                  <span
                    class="cds--front-line"
                    title="20%"
                  >
                    20%
                  </span>
                </div>
              </td>
            </tr>
            <tr
              class="simple-row"
              tabindex=""
              title=""
            >
              <td>
                <div
                  class="cell"
                >
                  <span
                    class="cds--front-line"
                    title="Hard Disk (SCSI 0:1)"
                  >
                    Hard Disk (SCSI 0:1)
                  </span>
                </div>
              </td>
              <td>
                <div
                  class="cell"
                >
                  <span
                    class="cds--front-line"
                    title="thick"
                  >
                    thick
                  </span>
                </div>
              </td>
              <td>
                <div
                  class="cell"
                >
                  <span
                    class="cds--front-line"
                    title="persistent"
                  >
                    persistent
                  </span>
                </div>
              </td>
              <td>
                <div
                  class="cell"
                >
                  <span
                    class="cds--front-line"
                    title="False"
                  >
                    False
                  </span>
                </div>
              </td>
              <td>
                <div
                  class="cell"
                >
                  <span
                    class="cds--front-line"
                    title="100 GB"
                  >
                    100 GB
                  </span>
                </div>
              </td>
              <td>
                <div
                  class="cell"
                >
                  <span
                    class="cds--front-line"
                    title="40 GB"
                  >
                    40 GB
                  </span>
                </div>
              </td>
              <td>
                <div
                  class="cell"
                >
                  <span
                    class="cds--front-line"
                    title="40%"
                  >
                    40%
                  </span>
                </div>
              </td>
            </tr>
          </tbody>
        </table>
      </div>
    </div>
  </div>
</div>
`;
