// Jest Snapshot v1, https://goo.gl/fbAQLP

exports[`Tagging modifier match snapshot 1`] = `
<StateManager
  className="selected-option"
  clearable={false}
  defaultInputValue=""
  defaultMenuIsOpen={false}
  defaultValue={null}
  filterOptions={[Function]}
  name="form-field-name"
  onChange={[Function]}
  options={
    Array [
      Object {
        "keyWord": "name",
        "label": "Name",
        "value": 1,
      },
      Object {
        "keyWord": "number",
        "label": "Number",
        "value": 2,
      },
    ]
  }
  value={
    Object {
      "label": "Homer",
      "value": 1,
    }
  }
/>
`;
