// Jest Snapshot v1, https://goo.gl/fbAQLP

exports[`TagCategory Component match snapshot 1`] = `
<FormGroup
  legendText="Value"
>
  <ForwardRef
    className="tag-modifier-form-row value-modifier"
  >
    <ValueSelector
      isDisabled={false}
      multiValue={false}
      onTagValueChange={[MockFunction]}
      selectedOption={
        Array [
          Object {
            "id": 1,
            "label": "Duck",
          },
        ]
      }
      selectedTagCategory={
        Object {
          "id": "1",
          "label": "Animal",
        }
      }
      values={
        Array [
          Object {
            "id": 1,
            "label": "Duck",
          },
          Object {
            "id": 2,
            "label": "Cat",
          },
          Object {
            "id": 3,
            "label": "Dog",
          },
        ]
      }
    />
  </ForwardRef>
</FormGroup>
`;
